
> changelog-validator@1.0.0 test
> vitest


 DEV  v3.0.9 /Users/crajapakshe/Data/Work/git/personal/crajapakshe/changelog-validator

stdout | test/index.test.js > validates a correct changelog
✅ Changelog validation passed

 ✓ test/index.test.js (5 tests) 8ms

 Test Files  1 passed (1)
      Tests  5 passed (5)
   Start at  15:21:29
   Duration  526ms (transform 32ms, setup 0ms, collect 51ms, tests 8ms, environment 0ms, prepare 61ms)

 PASS  Waiting for file changes...
       press h to show help, press q to quit
c[3J RERUN  rerun all tests x1 

stdout | test/index.test.js > validates a correct changelog
✅ Changelog validation passed

 ✓ test/index.test.js (5 tests) 12ms

 Test Files  1 passed (1)
      Tests  5 passed (5)
   Start at  15:21:32
   Duration  29ms

 PASS  Waiting for file changes...
       press h to show help, press q to quit
